[START]
  [x = alloc]
    [max = alloc]
      [i = *x]
        [x = null]
