[START]
  [x = alloc]
    [y = x]
      [_t2 = *z]
        [_t1 = *_t2]
          [*x = _t1]
      [_t3 = *x]
        [_t4 = &z]
          [*_t3 = _t4]
