[START]
  [x = alloc]
    [max = alloc]
      [i = *x]
        [j = *x]
          [connects to: [j = *x]]
          [a = b]
            [connects to: [j = *x]]
            [connects to: [a = b]]
            [x = null]
          [connects to: [x = null]]
        [connects to: [x = null]]
