[START]
  [x = alloc]
    [max = alloc]
      [*max]
        [i = *x]
          [*max]
            [*max]
              [connects to: [*max]]
              [a = b]
                [connects to: [*max]]
            [x = null]
