[x = alloc]
[max = alloc]
[i = *x]
[x = &i]
[x = null]
