[START]
  [*a]
    [*c]
      [*d]
        [*b]
          [_t3 = alloc]
            [*f]
              [*e = _t3]
