[START]
  [x = null]
    [x = null]
      [x = null]
        [x = null]
          [x = null]
