[x = alloc]
[x = alloc]
[x = alloc]
[x = alloc]
[x = alloc]
